Archive member included because of file (symbol)

c:/program files/gnu tools arm embedded/4.7 2013q2/bin/../lib/gcc/arm-none-eabi/4.7.4/armv6-m\libgcc.a(_udivsi3.o)
                              ..\obj\stm32f0xx_rcc.o (__aeabi_uidiv)
c:/program files/gnu tools arm embedded/4.7 2013q2/bin/../lib/gcc/arm-none-eabi/4.7.4/armv6-m\libgcc.a(_dvmd_tls.o)
                              c:/program files/gnu tools arm embedded/4.7 2013q2/bin/../lib/gcc/arm-none-eabi/4.7.4/armv6-m\libgcc.a(_udivsi3.o) (__aeabi_idiv0)

Allocating common symbols
Common symbol       size              file

GPIO_InitStructure  0x8               ..\obj\74hc595.o

Discarded input sections

 .text          0x00000000        0x0 ..\obj\74hc595.o
 .data          0x00000000        0x0 ..\obj\74hc595.o
 .bss           0x00000000        0x0 ..\obj\74hc595.o
 .text          0x00000000        0x0 ..\obj\stm32f0xx_rcc.o
 .data          0x00000000       0x10 ..\obj\stm32f0xx_rcc.o
 .bss           0x00000000        0x0 ..\obj\stm32f0xx_rcc.o
 .text.RCC_DeInit
                0x00000000       0x88 ..\obj\stm32f0xx_rcc.o
 .text.RCC_HSEConfig
                0x00000000       0x24 ..\obj\stm32f0xx_rcc.o
 .text.RCC_WaitForHSEStartUp
                0x00000000       0x60 ..\obj\stm32f0xx_rcc.o
 .text.RCC_AdjustHSICalibrationValue
                0x00000000       0x3c ..\obj\stm32f0xx_rcc.o
 .text.RCC_HSICmd
                0x00000000       0x38 ..\obj\stm32f0xx_rcc.o
 .text.RCC_AdjustHSI14CalibrationValue
                0x00000000       0x3c ..\obj\stm32f0xx_rcc.o
 .text.RCC_HSI14Cmd
                0x00000000       0x38 ..\obj\stm32f0xx_rcc.o
 .text.RCC_HSI14ADCRequestCmd
                0x00000000       0x38 ..\obj\stm32f0xx_rcc.o
 .text.RCC_LSEConfig
                0x00000000       0x38 ..\obj\stm32f0xx_rcc.o
 .text.RCC_LSEDriveConfig
                0x00000000       0x2c ..\obj\stm32f0xx_rcc.o
 .text.RCC_LSICmd
                0x00000000       0x38 ..\obj\stm32f0xx_rcc.o
 .text.RCC_PLLConfig
                0x00000000       0x34 ..\obj\stm32f0xx_rcc.o
 .text.RCC_PLLCmd
                0x00000000       0x40 ..\obj\stm32f0xx_rcc.o
 .text.RCC_PREDIV1Config
                0x00000000       0x34 ..\obj\stm32f0xx_rcc.o
 .text.RCC_ClockSecuritySystemCmd
                0x00000000       0x40 ..\obj\stm32f0xx_rcc.o
 .text.RCC_MCOConfig
                0x00000000       0x20 ..\obj\stm32f0xx_rcc.o
 .text.RCC_SYSCLKConfig
                0x00000000       0x34 ..\obj\stm32f0xx_rcc.o
 .text.RCC_GetSYSCLKSource
                0x00000000       0x1c ..\obj\stm32f0xx_rcc.o
 .text.RCC_HCLKConfig
                0x00000000       0x34 ..\obj\stm32f0xx_rcc.o
 .text.RCC_PCLKConfig
                0x00000000       0x38 ..\obj\stm32f0xx_rcc.o
 .text.RCC_ADCCLKConfig
                0x00000000       0x50 ..\obj\stm32f0xx_rcc.o
 .text.RCC_CECCLKConfig
                0x00000000       0x2c ..\obj\stm32f0xx_rcc.o
 .text.RCC_I2CCLKConfig
                0x00000000       0x2c ..\obj\stm32f0xx_rcc.o
 .text.RCC_USARTCLKConfig
                0x00000000       0x2c ..\obj\stm32f0xx_rcc.o
 .text.RCC_GetClocksFreq
                0x00000000      0x1cc ..\obj\stm32f0xx_rcc.o
 .text.RCC_RTCCLKConfig
                0x00000000       0x20 ..\obj\stm32f0xx_rcc.o
 .text.RCC_RTCCLKCmd
                0x00000000       0x40 ..\obj\stm32f0xx_rcc.o
 .text.RCC_BackupResetCmd
                0x00000000       0x40 ..\obj\stm32f0xx_rcc.o
 .text.RCC_APB2PeriphClockCmd
                0x00000000       0x3c ..\obj\stm32f0xx_rcc.o
 .text.RCC_APB1PeriphClockCmd
                0x00000000       0x3c ..\obj\stm32f0xx_rcc.o
 .text.RCC_AHBPeriphResetCmd
                0x00000000       0x3c ..\obj\stm32f0xx_rcc.o
 .text.RCC_APB2PeriphResetCmd
                0x00000000       0x3c ..\obj\stm32f0xx_rcc.o
 .text.RCC_APB1PeriphResetCmd
                0x00000000       0x3c ..\obj\stm32f0xx_rcc.o
 .text.RCC_ITConfig
                0x00000000       0x50 ..\obj\stm32f0xx_rcc.o
 .text.RCC_GetFlagStatus
                0x00000000       0x90 ..\obj\stm32f0xx_rcc.o
 .text.RCC_ClearFlag
                0x00000000       0x1c ..\obj\stm32f0xx_rcc.o
 .text.RCC_GetITStatus
                0x00000000       0x44 ..\obj\stm32f0xx_rcc.o
 .text.RCC_ClearITPendingBit
                0x00000000       0x20 ..\obj\stm32f0xx_rcc.o
 .text          0x00000000        0x0 ..\obj\main.o
 .data          0x00000000        0x0 ..\obj\main.o
 .text          0x00000000       0x14 ..\obj\startup_stm32f0xx.o
 .data          0x00000000        0x0 ..\obj\startup_stm32f0xx.o
 .bss           0x00000000        0x0 ..\obj\startup_stm32f0xx.o
 .text          0x00000000        0x0 ..\obj\system_stm32f0xx_temp.o
 .bss           0x00000000        0x0 ..\obj\system_stm32f0xx_temp.o
 .text.SystemCoreClockUpdate1
                0x00000000       0xd0 ..\obj\system_stm32f0xx_temp.o
 .text          0x00000000        0x0 ..\obj\stm32f0xx_gpio.o
 .data          0x00000000        0x0 ..\obj\stm32f0xx_gpio.o
 .bss           0x00000000        0x0 ..\obj\stm32f0xx_gpio.o
 .text.GPIO_DeInit
                0x00000000       0xc8 ..\obj\stm32f0xx_gpio.o
 .text.GPIO_StructInit
                0x00000000       0x30 ..\obj\stm32f0xx_gpio.o
 .text.GPIO_PinLockConfig
                0x00000000       0x44 ..\obj\stm32f0xx_gpio.o
 .text.GPIO_ReadInputDataBit
                0x00000000       0x48 ..\obj\stm32f0xx_gpio.o
 .text.GPIO_ReadInputData
                0x00000000       0x18 ..\obj\stm32f0xx_gpio.o
 .text.GPIO_ReadOutputDataBit
                0x00000000       0x48 ..\obj\stm32f0xx_gpio.o
 .text.GPIO_ReadOutputData
                0x00000000       0x18 ..\obj\stm32f0xx_gpio.o
 .text.GPIO_Write
                0x00000000       0x1c ..\obj\stm32f0xx_gpio.o
 .text.GPIO_PinAFConfig
                0x00000000       0x9c ..\obj\stm32f0xx_gpio.o
 .text          0x00000000        0x0 ..\obj\stm32f0xx_it.o
 .data          0x00000000        0x0 ..\obj\stm32f0xx_it.o
 .bss           0x00000000        0x0 ..\obj\stm32f0xx_it.o
 .text          0x00000000        0x0 ..\obj\stm32f0xx_exti.o
 .data          0x00000000        0x0 ..\obj\stm32f0xx_exti.o
 .bss           0x00000000        0x0 ..\obj\stm32f0xx_exti.o
 .text.EXTI_DeInit
                0x00000000       0x34 ..\obj\stm32f0xx_exti.o
 .text.EXTI_Init
                0x00000000       0xd8 ..\obj\stm32f0xx_exti.o
 .text.EXTI_StructInit
                0x00000000       0x28 ..\obj\stm32f0xx_exti.o
 .text.EXTI_GenerateSWInterrupt
                0x00000000       0x20 ..\obj\stm32f0xx_exti.o
 .text.EXTI_GetFlagStatus
                0x00000000       0x40 ..\obj\stm32f0xx_exti.o
 .text.EXTI_ClearFlag
                0x00000000       0x18 ..\obj\stm32f0xx_exti.o
 .text.EXTI_GetITStatus
                0x00000000       0x40 ..\obj\stm32f0xx_exti.o
 .text.EXTI_ClearITPendingBit
                0x00000000       0x18 ..\obj\stm32f0xx_exti.o
 .debug_info    0x00000000      0x342 ..\obj\stm32f0xx_exti.o
 .debug_abbrev  0x00000000      0x194 ..\obj\stm32f0xx_exti.o
 .debug_loc     0x00000000      0x1b4 ..\obj\stm32f0xx_exti.o
 .debug_aranges
                0x00000000       0x58 ..\obj\stm32f0xx_exti.o
 .debug_ranges  0x00000000       0x48 ..\obj\stm32f0xx_exti.o
 .debug_line    0x00000000      0x20e ..\obj\stm32f0xx_exti.o
 .debug_str     0x00000000      0x2e4 ..\obj\stm32f0xx_exti.o
 .comment       0x00000000       0x71 ..\obj\stm32f0xx_exti.o
 .ARM.attributes
                0x00000000       0x31 ..\obj\stm32f0xx_exti.o
 .debug_frame   0x00000000      0x10c ..\obj\stm32f0xx_exti.o
 .text          0x00000000        0x0 ..\obj\stm32f0xx_misc.o
 .data          0x00000000        0x0 ..\obj\stm32f0xx_misc.o
 .bss           0x00000000        0x0 ..\obj\stm32f0xx_misc.o
 .text.NVIC_Init
                0x00000000       0xac ..\obj\stm32f0xx_misc.o
 .text.NVIC_SystemLPConfig
                0x00000000       0x44 ..\obj\stm32f0xx_misc.o
 .text.SysTick_CLKSourceConfig
                0x00000000       0x34 ..\obj\stm32f0xx_misc.o
 .debug_info    0x00000000      0x39d ..\obj\stm32f0xx_misc.o
 .debug_abbrev  0x00000000      0x127 ..\obj\stm32f0xx_misc.o
 .debug_loc     0x00000000       0xa8 ..\obj\stm32f0xx_misc.o
 .debug_aranges
                0x00000000       0x30 ..\obj\stm32f0xx_misc.o
 .debug_ranges  0x00000000       0x20 ..\obj\stm32f0xx_misc.o
 .debug_line    0x00000000      0x1da ..\obj\stm32f0xx_misc.o
 .debug_str     0x00000000      0x2a1 ..\obj\stm32f0xx_misc.o
 .comment       0x00000000       0x71 ..\obj\stm32f0xx_misc.o
 .ARM.attributes
                0x00000000       0x31 ..\obj\stm32f0xx_misc.o
 .debug_frame   0x00000000       0x70 ..\obj\stm32f0xx_misc.o
 .data          0x00000000        0x0 c:/program files/gnu tools arm embedded/4.7 2013q2/bin/../lib/gcc/arm-none-eabi/4.7.4/armv6-m\libgcc.a(_udivsi3.o)
 .bss           0x00000000        0x0 c:/program files/gnu tools arm embedded/4.7 2013q2/bin/../lib/gcc/arm-none-eabi/4.7.4/armv6-m\libgcc.a(_udivsi3.o)
 .data          0x00000000        0x0 c:/program files/gnu tools arm embedded/4.7 2013q2/bin/../lib/gcc/arm-none-eabi/4.7.4/armv6-m\libgcc.a(_dvmd_tls.o)
 .bss           0x00000000        0x0 c:/program files/gnu tools arm embedded/4.7 2013q2/bin/../lib/gcc/arm-none-eabi/4.7.4/armv6-m\libgcc.a(_dvmd_tls.o)

Memory Configuration

Name             Origin             Length             Attributes
rom              0x08000000         0x00010000         xr
ram              0x20000000         0x00002000         xrw
*default*        0x00000000         0xffffffff

Linker script and memory map

                0x20002000                _eram = 0x20002000

.text           0x08000000      0x8a0
 *(.isr_vector)
 .isr_vector    0x08000000       0xc4 ..\obj\startup_stm32f0xx.o
                0x08000000                g_pfnVectors
 *(.text*)
 .text.M74HC595_Init
                0x080000c4       0x48 ..\obj\74hc595.o
                0x080000c4                M74HC595_Init
 .text.M74HC595_ClearData
                0x0800010c       0x20 ..\obj\74hc595.o
                0x0800010c                M74HC595_ClearData
 .text.M74HC595_EnableData
                0x0800012c       0x14 ..\obj\74hc595.o
                0x0800012c                M74HC595_EnableData
 .text.M74HC595_WriteData
                0x08000140       0x90 ..\obj\74hc595.o
                0x08000140                M74HC595_WriteData
 .text.RCC_AHBPeriphClockCmd
                0x080001d0       0x3c ..\obj\stm32f0xx_rcc.o
                0x080001d0                RCC_AHBPeriphClockCmd
 .text.NVIC_SetPriority
                0x0800020c       0xe0 ..\obj\main.o
 .text.SysTick_Config
                0x080002ec       0x4c ..\obj\main.o
 .text.main     0x08000338       0xfc ..\obj\main.o
                0x08000338                main
 .text.Delay    0x08000434       0x24 ..\obj\main.o
                0x08000434                Delay
 .text.TimingDelay_Decrement
                0x08000458       0x20 ..\obj\main.o
                0x08000458                TimingDelay_Decrement
 .text.Reset_Handler
                0x08000478       0x4c ..\obj\startup_stm32f0xx.o
                0x08000478                Reset_Handler
 .text.Default_Handler
                0x080004c4        0x2 ..\obj\startup_stm32f0xx.o
                0x080004c4                TIM1_CC_IRQHandler
                0x080004c4                ADC1_COMP_IRQHandler
                0x080004c4                PVD_IRQHandler
                0x080004c4                I2C1_IRQHandler
                0x080004c4                SPI1_IRQHandler
                0x080004c4                TIM6_DAC_IRQHandler
                0x080004c4                EXTI2_3_IRQHandler
                0x080004c4                I2C2_IRQHandler
                0x080004c4                TIM17_IRQHandler
                0x080004c4                RTC_IRQHandler
                0x080004c4                TIM16_IRQHandler
                0x080004c4                TIM3_IRQHandler
                0x080004c4                EXTI4_15_IRQHandler
                0x080004c4                RCC_IRQHandler
                0x080004c4                DMA1_Channel1_IRQHandler
                0x080004c4                Default_Handler
                0x080004c4                CEC_IRQHandler
                0x080004c4                TIM14_IRQHandler
                0x080004c4                DMA1_Channel4_5_IRQHandler
                0x080004c4                TIM15_IRQHandler
                0x080004c4                EXTI0_1_IRQHandler
                0x080004c4                SPI2_IRQHandler
                0x080004c4                TS_IRQHandler
                0x080004c4                WWDG_IRQHandler
                0x080004c4                TIM2_IRQHandler
                0x080004c4                DMA1_Channel2_3_IRQHandler
                0x080004c4                USART2_IRQHandler
                0x080004c4                FLASH_IRQHandler
                0x080004c4                USART1_IRQHandler
                0x080004c4                TIM1_BRK_UP_TRG_COM_IRQHandler
 *fill*         0x080004c6        0x2 00
 .text.SystemInit1
                0x080004c8       0x8c ..\obj\system_stm32f0xx_temp.o
                0x080004c8                SystemInit
                0x080004c8                SystemInit1
 .text.SetSysClock1
                0x08000554       0xe0 ..\obj\system_stm32f0xx_temp.o
                0x08000554                SetSysClock
 .text.GPIO_Init
                0x08000634      0x138 ..\obj\stm32f0xx_gpio.o
                0x08000634                GPIO_Init
 .text.GPIO_SetBits
                0x0800076c       0x1c ..\obj\stm32f0xx_gpio.o
                0x0800076c                GPIO_SetBits
 .text.GPIO_ResetBits
                0x08000788       0x1c ..\obj\stm32f0xx_gpio.o
                0x08000788                GPIO_ResetBits
 .text.GPIO_WriteBit
                0x080007a4       0x30 ..\obj\stm32f0xx_gpio.o
                0x080007a4                GPIO_WriteBit
 .text.NMI_Handler
                0x080007d4        0x8 ..\obj\stm32f0xx_it.o
                0x080007d4                NMI_Handler
 .text.HardFault_Handler
                0x080007dc        0x8 ..\obj\stm32f0xx_it.o
                0x080007dc                HardFault_Handler
 .text.SVC_Handler
                0x080007e4        0x8 ..\obj\stm32f0xx_it.o
                0x080007e4                SVC_Handler
 .text.PendSV_Handler
                0x080007ec        0x8 ..\obj\stm32f0xx_it.o
                0x080007ec                PendSV_Handler
 .text.SysTick_Handler
                0x080007f4        0xc ..\obj\stm32f0xx_it.o
                0x080007f4                SysTick_Handler
 .text          0x08000800       0x9c c:/program files/gnu tools arm embedded/4.7 2013q2/bin/../lib/gcc/arm-none-eabi/4.7.4/armv6-m\libgcc.a(_udivsi3.o)
                0x08000800                __aeabi_uidiv
                0x08000800                __udivsi3
                0x08000888                __aeabi_uidivmod
 .text          0x0800089c        0x4 c:/program files/gnu tools arm embedded/4.7 2013q2/bin/../lib/gcc/arm-none-eabi/4.7.4/armv6-m\libgcc.a(_dvmd_tls.o)
                0x0800089c                __aeabi_idiv0
                0x0800089c                __aeabi_ldiv0
 *(.init)
 *(.fini)
 *crtbegin.o(.ctors)
 *crtbegin?.o(.ctors)
 *(EXCLUDE_FILE(*crtend.o *crtend?.o) .ctors)
 *(SORT(.ctors.*))
 *(.ctors)
 *crtbegin.o(.dtors)
 *crtbegin?.o(.dtors)
 *(EXCLUDE_FILE(*crtend.o *crtend?.o) .dtors)
 *(SORT(.dtors.*))
 *(.dtors)
 *(.rodata*)
 *(.eh_fram e*)

.glue_7         0x080008a0        0x0
 .glue_7        0x00000000        0x0 linker stubs

.glue_7t        0x080008a0        0x0
 .glue_7t       0x00000000        0x0 linker stubs

.vfp11_veneer   0x080008a0        0x0
 .vfp11_veneer  0x00000000        0x0 linker stubs

.v4_bx          0x080008a0        0x0
 .v4_bx         0x00000000        0x0 linker stubs

.iplt           0x080008a0        0x0
 .iplt          0x00000000        0x0 ..\obj\74hc595.o

.rel.dyn        0x080008a0        0x0
 .rel.iplt      0x00000000        0x0 ..\obj\74hc595.o

.ARM.extab
 *(.ARM.extab* .gnu.linkonce.armextab.*)
                0x080008a0                __exidx_start = .

.ARM.exidx
 *(.ARM.exidx* .gnu.linkonce.armexidx.*)
                0x080008a0                __exidx_end = .
                0x080008a0                __etext = .
                0x080008a0                _sidata = __etext

.data           0x20000000       0x14 load address 0x080008a0
                0x20000000                __data_start__ = .
                0x20000000                _sdata = __data_start__
 *(vtable)
 *(.data*)
 .data          0x20000000       0x14 ..\obj\system_stm32f0xx_temp.o
                0x20000000                SystemCoreClock
                0x20000004                AHBPrescTable
                0x20000014                . = ALIGN (0x4)
                0x20000014                PROVIDE (__preinit_array_start, .)
 *(.preinit_array)
                0x20000014                PROVIDE (__preinit_array_end, .)
                0x20000014                . = ALIGN (0x4)
                0x20000014                PROVIDE (__init_array_start, .)
 *(SORT(.init_array.*))
 *(.init_array)
                0x20000014                PROVIDE (__init_array_end, .)
                0x20000014                . = ALIGN (0x4)
                0x20000014                PROVIDE (__fini_array_start, .)
 *(SORT(.fini_array.*))
 *(.fini_array)
                0x20000014                PROVIDE (__fini_array_end, .)
 *(.jcr*)
                0x20000014                . = ALIGN (0x4)
                0x20000014                __data_end__ = .
                0x20000014                _edata = __data_end__

.igot.plt       0x20000014        0x0 load address 0x080008b4
 .igot.plt      0x00000000        0x0 ..\obj\74hc595.o

.bss            0x20000014        0xc load address 0x080008b4
                0x20000014                . = ALIGN (0x4)
                0x20000014                __bss_start__ = .
                0x20000014                _sbss = __bss_start__
 *(.bss*)
 .bss           0x20000014        0x4 ..\obj\main.o
 *(COMMON)
 COMMON         0x20000018        0x8 ..\obj\74hc595.o
                0x20000018                GPIO_InitStructure
                0x20000020                . = ALIGN (0x4)
                0x20000020                __bss_end__ = .
                0x20000020                _ebss = __bss_end__

.heap           0x20000020        0x0
                0x20000020                __end__ = .
                0x20000020                _end = __end__
                0x20000020                end = __end__
 *(.heap*)
                0x20000020                __HeapLimit = .

.co_stack       0x20000020        0x0
                0x20000020                . = ALIGN (0x8)
 *(.co_stack .co_stack.*)
                0x20002000                __StackTop = (ORIGIN (ram) + 0x2000)
                0x20002000                __StackLimit = (__StackTop - SIZEOF (.co_stack))
                0x20002000                PROVIDE (__stack, __StackTop)
                0x00000001                ASSERT ((__StackLimit >= __HeapLimit), region ram  overflowed with stack)
LOAD ..\obj\74hc595.o
LOAD ..\obj\stm32f0xx_rcc.o
LOAD ..\obj\main.o
LOAD ..\obj\startup_stm32f0xx.o
LOAD ..\obj\system_stm32f0xx_temp.o
LOAD ..\obj\stm32f0xx_gpio.o
LOAD ..\obj\stm32f0xx_it.o
LOAD ..\obj\stm32f0xx_exti.o
LOAD ..\obj\stm32f0xx_misc.o
START GROUP
LOAD c:/program files/gnu tools arm embedded/4.7 2013q2/bin/../lib/gcc/arm-none-eabi/4.7.4/armv6-m\libgcc.a
LOAD c:/program files/gnu tools arm embedded/4.7 2013q2/bin/../lib/gcc/arm-none-eabi/4.7.4/../../../../arm-none-eabi/lib/armv6-m\libg.a
LOAD c:/program files/gnu tools arm embedded/4.7 2013q2/bin/../lib/gcc/arm-none-eabi/4.7.4/../../../../arm-none-eabi/lib/armv6-m\libc.a
END GROUP
OUTPUT(STM32F0_74HC595.elf elf32-littlearm)

.debug_info     0x00000000     0x1ee2
 .debug_info    0x00000000      0x326 ..\obj\74hc595.o
 .debug_info    0x00000326      0xa6a ..\obj\stm32f0xx_rcc.o
 .debug_info    0x00000d90      0x6a3 ..\obj\main.o
 .debug_info    0x00001433       0xa5 ..\obj\startup_stm32f0xx.o
 .debug_info    0x000014d8      0x310 ..\obj\system_stm32f0xx_temp.o
 .debug_info    0x000017e8      0x619 ..\obj\stm32f0xx_gpio.o
 .debug_info    0x00001e01       0xe1 ..\obj\stm32f0xx_it.o

.debug_abbrev   0x00000000      0x847
 .debug_abbrev  0x00000000      0x12f ..\obj\74hc595.o
 .debug_abbrev  0x0000012f      0x1ee ..\obj\stm32f0xx_rcc.o
 .debug_abbrev  0x0000031d      0x1eb ..\obj\main.o
 .debug_abbrev  0x00000508       0x12 ..\obj\startup_stm32f0xx.o
 .debug_abbrev  0x0000051a      0x136 ..\obj\system_stm32f0xx_temp.o
 .debug_abbrev  0x00000650      0x19d ..\obj\stm32f0xx_gpio.o
 .debug_abbrev  0x000007ed       0x5a ..\obj\stm32f0xx_it.o

.debug_loc      0x00000000      0xe70
 .debug_loc     0x00000000       0xbc ..\obj\74hc595.o
 .debug_loc     0x000000bc      0x864 ..\obj\stm32f0xx_rcc.o
 .debug_loc     0x00000920      0x100 ..\obj\main.o
 .debug_loc     0x00000a20       0x9c ..\obj\system_stm32f0xx_temp.o
 .debug_loc     0x00000abc      0x2d8 ..\obj\stm32f0xx_gpio.o
 .debug_loc     0x00000d94       0xdc ..\obj\stm32f0xx_it.o

.debug_aranges  0x00000000      0x2e0
 .debug_aranges
                0x00000000       0x38 ..\obj\74hc595.o
 .debug_aranges
                0x00000038      0x150 ..\obj\stm32f0xx_rcc.o
 .debug_aranges
                0x00000188       0x40 ..\obj\main.o
 .debug_aranges
                0x000001c8       0x28 ..\obj\startup_stm32f0xx.o
 .debug_aranges
                0x000001f0       0x30 ..\obj\system_stm32f0xx_temp.o
 .debug_aranges
                0x00000220       0x80 ..\obj\stm32f0xx_gpio.o
 .debug_aranges
                0x000002a0       0x40 ..\obj\stm32f0xx_it.o

.debug_ranges   0x00000000      0x278
 .debug_ranges  0x00000000       0x28 ..\obj\74hc595.o
 .debug_ranges  0x00000028      0x140 ..\obj\stm32f0xx_rcc.o
 .debug_ranges  0x00000168       0x30 ..\obj\main.o
 .debug_ranges  0x00000198       0x20 ..\obj\startup_stm32f0xx.o
 .debug_ranges  0x000001b8       0x20 ..\obj\system_stm32f0xx_temp.o
 .debug_ranges  0x000001d8       0x70 ..\obj\stm32f0xx_gpio.o
 .debug_ranges  0x00000248       0x30 ..\obj\stm32f0xx_it.o

.debug_line     0x00000000      0xe6c
 .debug_line    0x00000000      0x1c8 ..\obj\74hc595.o
 .debug_line    0x000001c8      0x4b8 ..\obj\stm32f0xx_rcc.o
 .debug_line    0x00000680      0x287 ..\obj\main.o
 .debug_line    0x00000907       0xa8 ..\obj\startup_stm32f0xx.o
 .debug_line    0x000009af      0x174 ..\obj\system_stm32f0xx_temp.o
 .debug_line    0x00000b23      0x293 ..\obj\stm32f0xx_gpio.o
 .debug_line    0x00000db6       0xb6 ..\obj\stm32f0xx_it.o

.debug_str      0x00000000      0xdd1
 .debug_str     0x00000000      0x2f0 ..\obj\74hc595.o
                                0x324 (size before relaxing)
 .debug_str     0x000002f0      0x583 ..\obj\stm32f0xx_rcc.o
                                0x6c5 (size before relaxing)
 .debug_str     0x00000873      0x2b9 ..\obj\main.o
                                0x58a (size before relaxing)
 .debug_str     0x00000b2c       0x97 ..\obj\system_stm32f0xx_temp.o
                                0x23c (size before relaxing)
 .debug_str     0x00000bc3      0x188 ..\obj\stm32f0xx_gpio.o
                                0x42c (size before relaxing)
 .debug_str     0x00000d4b       0x86 ..\obj\stm32f0xx_it.o
                                0x15c (size before relaxing)

.comment        0x00000000       0x70
 .comment       0x00000000       0x70 ..\obj\74hc595.o
                                 0x71 (size before relaxing)
 .comment       0x00000000       0x71 ..\obj\stm32f0xx_rcc.o
 .comment       0x00000000       0x71 ..\obj\main.o
 .comment       0x00000000       0x71 ..\obj\system_stm32f0xx_temp.o
 .comment       0x00000000       0x71 ..\obj\stm32f0xx_gpio.o
 .comment       0x00000000       0x71 ..\obj\stm32f0xx_it.o

.ARM.attributes
                0x00000000       0x2f
 .ARM.attributes
                0x00000000       0x31 ..\obj\74hc595.o
 .ARM.attributes
                0x00000031       0x31 ..\obj\stm32f0xx_rcc.o
 .ARM.attributes
                0x00000062       0x31 ..\obj\main.o
 .ARM.attributes
                0x00000093       0x21 ..\obj\startup_stm32f0xx.o
 .ARM.attributes
                0x000000b4       0x31 ..\obj\system_stm32f0xx_temp.o
 .ARM.attributes
                0x000000e5       0x31 ..\obj\stm32f0xx_gpio.o
 .ARM.attributes
                0x00000116       0x31 ..\obj\stm32f0xx_it.o
 .ARM.attributes
                0x00000147       0x1e c:/program files/gnu tools arm embedded/4.7 2013q2/bin/../lib/gcc/arm-none-eabi/4.7.4/armv6-m\libgcc.a(_udivsi3.o)
 .ARM.attributes
                0x00000165       0x1e c:/program files/gnu tools arm embedded/4.7 2013q2/bin/../lib/gcc/arm-none-eabi/4.7.4/armv6-m\libgcc.a(_dvmd_tls.o)

.debug_frame    0x00000000      0x8ec
 .debug_frame   0x00000000       0x84 ..\obj\74hc595.o
 .debug_frame   0x00000084      0x4e4 ..\obj\stm32f0xx_rcc.o
 .debug_frame   0x00000568       0xac ..\obj\main.o
 .debug_frame   0x00000614       0x6c ..\obj\system_stm32f0xx_temp.o
 .debug_frame   0x00000680      0x1b0 ..\obj\stm32f0xx_gpio.o
 .debug_frame   0x00000830       0x9c ..\obj\stm32f0xx_it.o
 .debug_frame   0x000008cc       0x20 c:/program files/gnu tools arm embedded/4.7 2013q2/bin/../lib/gcc/arm-none-eabi/4.7.4/armv6-m\libgcc.a(_udivsi3.o)
